
============================================================
   SISTEM MANAJEMEN RUTE DISTRIBUSI (ADJACENCY LIST)
============================================================
✅ Load 100 lokasi
✅ Load 150 rute
📊 Memory Usage: 740 KB

----------------------------------------
MENU UTAMA:
1. Insert Lokasi Baru
2. Insert Rute Baru
3. Update Lokasi
4. Update Rute
5. Delete Lokasi
6. Delete Rute
7. Cari Rute (Dijkstra)
8. Tampilkan Semua Rute
9. Tampilkan Semua Lokasi
10. Simpan & Keluar
----------------------------------------
Pilihan [1-10]: Nama Lokasi: Tipe (Gudang/Tujuan): ✅ Lokasi ditambahkan: L101 - NewLoc
⏱️  Waktu eksekusi: 0.003 ms

----------------------------------------
MENU UTAMA:
1. Insert Lokasi Baru
2. Insert Rute Baru
3. Update Lokasi
4. Update Rute
5. Delete Lokasi
6. Delete Rute
7. Cari Rute (Dijkstra)
8. Tampilkan Semua Rute
9. Tampilkan Semua Lokasi
10. Simpan & Keluar
----------------------------------------
Pilihan [1-10]: ID Lokasi Asal: ID Lokasi Tujuan: Jarak (km): ✅ Rute ditambahkan: R0151 (L001 → L101 = 12.5 km)
⏱️  Waktu eksekusi: 0.001 ms

----------------------------------------
MENU UTAMA:
1. Insert Lokasi Baru
2. Insert Rute Baru
3. Update Lokasi
4. Update Rute
5. Delete Lokasi
6. Delete Rute
7. Cari Rute (Dijkstra)
8. Tampilkan Semua Rute
9. Tampilkan Semua Lokasi
10. Simpan & Keluar
----------------------------------------
Pilihan [1-10]: ID Lokasi yang di-update: Nama Baru: Tipe Baru: ✅ Lokasi L001 berhasil diperbarui!
⏱️  Waktu eksekusi: 0 ms

----------------------------------------
MENU UTAMA:
1. Insert Lokasi Baru
2. Insert Rute Baru
3. Update Lokasi
4. Update Rute
5. Delete Lokasi
6. Delete Rute
7. Cari Rute (Dijkstra)
8. Tampilkan Semua Rute
9. Tampilkan Semua Lokasi
10. Simpan & Keluar
----------------------------------------
Pilihan [1-10]: ID Lokasi Asal: ID Lokasi Tujuan: Jarak Baru (km): ✅ Rute L001 → L101 diperbarui menjadi 15.5 km!
⏱️  Waktu eksekusi: 0 ms

----------------------------------------
MENU UTAMA:
1. Insert Lokasi Baru
2. Insert Rute Baru
3. Update Lokasi
4. Update Rute
5. Delete Lokasi
6. Delete Rute
7. Cari Rute (Dijkstra)
8. Tampilkan Semua Rute
9. Tampilkan Semua Lokasi
10. Simpan & Keluar
----------------------------------------
Pilihan [1-10]: ID Lokasi Asal: ID Lokasi Tujuan: ✅ RUTE DITEMUKAN!
   Total Jarak : 15.5 km
   Jumlah Hop  : 1
   Jalur       : L001 (L001_Updated) → L101 (NewLoc)

   Detail per segmen:
   1. L001 → L101 = 15.5 km
⏱️  Waktu eksekusi: 0.039 ms
📊 Memory Usage: 740 KB

----------------------------------------
MENU UTAMA:
1. Insert Lokasi Baru
2. Insert Rute Baru
3. Update Lokasi
4. Update Rute
5. Delete Lokasi
6. Delete Rute
7. Cari Rute (Dijkstra)
8. Tampilkan Semua Rute
9. Tampilkan Semua Lokasi
10. Simpan & Keluar
----------------------------------------
Pilihan [1-10]: ID Lokasi Asal: ID Lokasi Tujuan: ✅ Rute L001 → L101 berhasil dihapus!
⏱️  Waktu eksekusi: 0.001 ms

----------------------------------------
MENU UTAMA:
1. Insert Lokasi Baru
2. Insert Rute Baru
3. Update Lokasi
4. Update Rute
5. Delete Lokasi
6. Delete Rute
7. Cari Rute (Dijkstra)
8. Tampilkan Semua Rute
9. Tampilkan Semua Lokasi
10. Simpan & Keluar
----------------------------------------
Pilihan [1-10]: ID Lokasi yang dihapus: ✅ Lokasi L001 beserta rute terkait berhasil dihapus!
⏱️  Waktu eksekusi: 0.007 ms

----------------------------------------
MENU UTAMA:
1. Insert Lokasi Baru
2. Insert Rute Baru
3. Update Lokasi
4. Update Rute
5. Delete Lokasi
6. Delete Rute
7. Cari Rute (Dijkstra)
8. Tampilkan Semua Rute
9. Tampilkan Semua Lokasi
10. Simpan & Keluar
----------------------------------------
Pilihan [1-10]: ✅ Data berhasil disimpan!
Terima kasih! Program selesai.
