
========================================
SISTEM MANAJEMEN RUTE (ADJACENCY MATRIX)
========================================
✅ Load 100 lokasi
✅ Load 150 rute
📊 Memory Usage: 764 KB

================ MENU ================
1. Insert Lokasi Baru
2. Insert Rute Baru
3. Update Lokasi
4. Update Rute
5. Delete Lokasi
6. Delete Rute
7. Cari Rute (Dijkstra)
8. Tampil Semua Rute
9. Tampil Semua Lokasi
10. Simpan & Keluar
========================================
Pilihan [1-10]: Nama Lokasi: Tipe (Gudang/Tujuan): ✅ Lokasi ditambahkan: L101 - NewLoc
⏱️  Waktu eksekusi: 0.065 ms

================ MENU ================
1. Insert Lokasi Baru
2. Insert Rute Baru
3. Update Lokasi
4. Update Rute
5. Delete Lokasi
6. Delete Rute
7. Cari Rute (Dijkstra)
8. Tampil Semua Rute
9. Tampil Semua Lokasi
10. Simpan & Keluar
========================================
Pilihan [1-10]: Asal: Tujuan: Jarak (km): ✅ Rute ditambahkan: L001 → L101 = 12.5 km
⏱️  Waktu eksekusi: 0.001 ms

================ MENU ================
1. Insert Lokasi Baru
2. Insert Rute Baru
3. Update Lokasi
4. Update Rute
5. Delete Lokasi
6. Delete Rute
7. Cari Rute (Dijkstra)
8. Tampil Semua Rute
9. Tampil Semua Lokasi
10. Simpan & Keluar
========================================
Pilihan [1-10]: ID Lokasi yang di-update: Nama Baru: Tipe Baru: ✅ Lokasi L001 berhasil diperbarui!
⏱️  Waktu eksekusi: 0 ms

================ MENU ================
1. Insert Lokasi Baru
2. Insert Rute Baru
3. Update Lokasi
4. Update Rute
5. Delete Lokasi
6. Delete Rute
7. Cari Rute (Dijkstra)
8. Tampil Semua Rute
9. Tampil Semua Lokasi
10. Simpan & Keluar
========================================
Pilihan [1-10]: Asal: Tujuan: Jarak Baru (km): ✅ Rute L001 → L101 diperbarui menjadi 15.5 km!
⏱️  Waktu eksekusi: 0 ms

================ MENU ================
1. Insert Lokasi Baru
2. Insert Rute Baru
3. Update Lokasi
4. Update Rute
5. Delete Lokasi
6. Delete Rute
7. Cari Rute (Dijkstra)
8. Tampil Semua Rute
9. Tampil Semua Lokasi
10. Simpan & Keluar
========================================
Pilihan [1-10]: Asal: Tujuan: ✅ RUTE DITEMUKAN!
   Total Jarak : 15.5 km
   Jumlah Hop  : 1
   Jalur       : L001 (L001_Updated) → L101 (NewLoc)

   Detail per segmen:
   1. L001 → L101 = 15.5 km
⏱️  Waktu eksekusi: 0.005 ms
📊 Memory Usage: 844 KB

================ MENU ================
1. Insert Lokasi Baru
2. Insert Rute Baru
3. Update Lokasi
4. Update Rute
5. Delete Lokasi
6. Delete Rute
7. Cari Rute (Dijkstra)
8. Tampil Semua Rute
9. Tampil Semua Lokasi
10. Simpan & Keluar
========================================
Pilihan [1-10]: Asal: Tujuan: ✅ Rute L001 → L101 berhasil dihapus!
⏱️  Waktu eksekusi: 0 ms

================ MENU ================
1. Insert Lokasi Baru
2. Insert Rute Baru
3. Update Lokasi
4. Update Rute
5. Delete Lokasi
6. Delete Rute
7. Cari Rute (Dijkstra)
8. Tampil Semua Rute
9. Tampil Semua Lokasi
10. Simpan & Keluar
========================================
Pilihan [1-10]: ID Lokasi yang dihapus: ✅ Lokasi L001 beserta rute terkait berhasil dihapus!
⏱️  Waktu eksekusi: 0.068 ms

================ MENU ================
1. Insert Lokasi Baru
2. Insert Rute Baru
3. Update Lokasi
4. Update Rute
5. Delete Lokasi
6. Delete Rute
7. Cari Rute (Dijkstra)
8. Tampil Semua Rute
9. Tampil Semua Lokasi
10. Simpan & Keluar
========================================
Pilihan [1-10]: ✅ Data berhasil disimpan! ⏱️ 1.159 ms
Terima kasih!
