
========================================
SISTEM MANAJEMEN RUTE (ADJACENCY MATRIX)
========================================
✅ Load 100 lokasi
✅ Load 3000 rute
📊 Memory Usage: 992 KB

================ MENU ================
1. Insert Lokasi Baru
2. Insert Rute Baru
3. Update Lokasi
4. Update Rute
5. Delete Lokasi
6. Delete Rute
7. Cari Rute
8. Tampil Semua Rute
9. Tampil Semua Lokasi
10. Simpan & Keluar
========================================
Pilihan: Nama Lokasi: Tipe (Gudang/Tujuan): ✅ Lokasi ditambahkan: L101 - NewLoc
⏱️  Waktu eksekusi: 0.084 ms

================ MENU ================
1. Insert Lokasi Baru
2. Insert Rute Baru
3. Update Lokasi
4. Update Rute
5. Delete Lokasi
6. Delete Rute
7. Cari Rute
8. Tampil Semua Rute
9. Tampil Semua Lokasi
10. Simpan & Keluar
========================================
Pilihan: Asal: Tujuan: Jarak (km): ✅ Rute ditambahkan: L001 → L101 = 12.5 km
⏱️  Waktu eksekusi: 0.002 ms

================ MENU ================
1. Insert Lokasi Baru
2. Insert Rute Baru
3. Update Lokasi
4. Update Rute
5. Delete Lokasi
6. Delete Rute
7. Cari Rute
8. Tampil Semua Rute
9. Tampil Semua Lokasi
10. Simpan & Keluar
========================================
Pilihan: ID Lokasi yang di-update: Nama Baru: Tipe Baru: ✅ Lokasi L001 berhasil diperbarui!
⏱️  Waktu eksekusi: 0.001 ms

================ MENU ================
1. Insert Lokasi Baru
2. Insert Rute Baru
3. Update Lokasi
4. Update Rute
5. Delete Lokasi
6. Delete Rute
7. Cari Rute
8. Tampil Semua Rute
9. Tampil Semua Lokasi
10. Simpan & Keluar
========================================
Pilihan: Asal: Tujuan: Jarak Baru (km): ✅ Rute L001 → L101 diperbarui menjadi 15.5 km!
⏱️  Waktu eksekusi: 0 ms

================ MENU ================
1. Insert Lokasi Baru
2. Insert Rute Baru
3. Update Lokasi
4. Update Rute
5. Delete Lokasi
6. Delete Rute
7. Cari Rute
8. Tampil Semua Rute
9. Tampil Semua Lokasi
10. Simpan & Keluar
========================================
Pilihan: Asal: Tujuan: ✅ RUTE DITEMUKAN! Jarak: 15.5 km
⏱️  Waktu: 0.001 ms

================ MENU ================
1. Insert Lokasi Baru
2. Insert Rute Baru
3. Update Lokasi
4. Update Rute
5. Delete Lokasi
6. Delete Rute
7. Cari Rute
8. Tampil Semua Rute
9. Tampil Semua Lokasi
10. Simpan & Keluar
========================================
Pilihan: Asal: Tujuan: ✅ Rute L001 → L101 berhasil dihapus!
⏱️  Waktu eksekusi: 0 ms

================ MENU ================
1. Insert Lokasi Baru
2. Insert Rute Baru
3. Update Lokasi
4. Update Rute
5. Delete Lokasi
6. Delete Rute
7. Cari Rute
8. Tampil Semua Rute
9. Tampil Semua Lokasi
10. Simpan & Keluar
========================================
Pilihan: ID Lokasi yang dihapus: ✅ Lokasi L001 beserta rute terkait berhasil dihapus!
⏱️  Waktu eksekusi: 0.082 ms

================ MENU ================
1. Insert Lokasi Baru
2. Insert Rute Baru
3. Update Lokasi
4. Update Rute
5. Delete Lokasi
6. Delete Rute
7. Cari Rute
8. Tampil Semua Rute
9. Tampil Semua Lokasi
10. Simpan & Keluar
========================================
Pilihan: ✅ Data berhasil disimpan! ⏱️ 8.911 ms
Terima kasih!
